[backblue.gif]
[fade.gif]
[index.html]
[www.bol.com/favicon-32x32.png]
[www.bol.com/android-chrome-192x192.png]
[www.bol.com/favicon-16x16.png]
[cdnjs.cloudflare.com/ajax/libs/mathjax/2.7.9/MathJaxec99.js]
[api.bol.com/retailer/public/Retailer-API/_images/link.png]
[api.bol.com/retailer/public/_/js/vendor/js.cookie.js]
[api.bol.com/retailer/public/_/js/sited6b5.js]
[api.bol.com/retailer/public/_/js/searchd6b5.js]
[api.bol.com/retailer/public/_/js/highlightd6b5.js]
[api.bol.com/retailer/public/Retailer-API/index.html]
[api.bol.com/retailer/public/_/js/vendor/inlineSVG.js]
[api.bol.com/retailer/public/_/css/sited6b5.css]
[www.bol.com/favicon-194x194.html]
[api.bol.com/retailer/public/Retailer-API/getting-started.html]
[api.bol.com/retailer/public/Retailer-API/key-concepts.html]
[api.bol.com/retailer/public/Retailer-API/selling-on-bolcom-processflow.html]
[api.bol.com/retailer/public/Retailer-API/_images/youtube-videos/intro-videos.png]
[api.bol.com/retailer/public/Retailer-API/_images/youtube-videos/process-status.png]
[api.bol.com/retailer/public/Retailer-API/_images/youtube-videos/process-status-demo.png]
[api.bol.com/retailer/public/Retailer-API/_images/youtube-videos/login-token-ip-block.png]
[api.bol.com/retailer/public/Retailer-API/tutorial-videos.html]
[api.bol.com/retailer/public/Retailer-API/best-practices.html]
[api.bol.com/retailer/public/Retailer-API/_images/authentication/sdd-api-settings.png]
[api.bol.com/retailer/public/Retailer-API/_images/authentication/sdd-technical-contact-details.png]
[api.bol.com/retailer/public/Retailer-API/_images/authentication/sdd-create-credentials.png]
[api.bol.com/retailer/public/Retailer-API/_images/authentication/sdd-create-client.png]
[api.bol.com/retailer/public/Retailer-API/_images/authentication/sdd-get-secret.png]
[api.bol.com/retailer/public/Retailer-API/_images/authentication/sdd-managing-access-through-client-credentials.png]
[api.bol.com/retailer/public/Retailer-API/authentication.html]
[api.bol.com/retailer/public/Retailer-API/_images/authentication/sdd-manging-access-through-authorized-parties.png]
[api.bol.com/retailer/public/Retailer-API/_images/code-flow.png]
[api.bol.com/retailer/public/Retailer-API/_images/login-page.png]
[api.bol.com/retailer/public/Retailer-API/intermediary-authorization.html]
[api.bol.com/retailer/public/Retailer-API/_images/login-request-confirmation.png]
[api.bol.com/retailer/public/Retailer-API/conventions.html]
[api.bol.com/retailer/public/Retailer-API/_attachments/script/hljs.min.js]
[api.bol.com/retailer/public/Retailer-API/ratelimits.html]
[api.bol.com/retailer/public/Retailer-API/api-lifecycle.html]
[api.bol.com/retailer/public/Retailer-API/release-planning.html]
[api.bol.com/retailer/public/Retailer-API/v9/releasenotes.html]
[api.bol.com/retailer/public/Retailer-API/v9/functional/advertiser-api/aapi-overview.html]
[api.bol.com/retailer/public/Retailer-API/_images/functional/ad-groups.png]
[api.bol.com/retailer/public/Retailer-API/v9/functional/advertiser-api/adgroups.html]
[api.bol.com/retailer/public/Retailer-API/v9/functional/advertiser-api/assortments.html]
[api.bol.com/retailer/public/Retailer-API/_images/functional/basic-anatomy-campaign.png]
[api.bol.com/retailer/public/Retailer-API/_images/functional/flow-create-campaign.png]
[api.bol.com/retailer/public/Retailer-API/_images/functional/manual-flow.png]
[api.bol.com/retailer/public/Retailer-API/v9/functional/advertiser-api/campaigns.html]
[api.bol.com/retailer/public/Retailer-API/v9/functional/advertiser-api/keywords.html]
[api.bol.com/retailer/public/Retailer-API/v9/functional/advertiser-api/negative-keywords.html]
[api.bol.com/retailer/public/Retailer-API/v9/functional/advertiser-api/reporting.html]
[api.bol.com/retailer/public/Retailer-API/v9/functional/advertiser-api/target-products.html]
[api.bol.com/retailer/public/Retailer-API/v9/functional/retailer-api/billing-information.html]
[api.bol.com/retailer/public/Retailer-API/v9/functional/retailer-api/commissions.html]
[api.bol.com/retailer/public/Retailer-API/_images/youtube-videos/lvb-nl.png]
[api.bol.com/retailer/public/Retailer-API/v9/functional/retailer-api/fulfilment-by-bol.html]
[api.bol.com/retailer/public/Retailer-API/_images/functional/replenishments-process-updated.png]
[api.bol.com/retailer/public/Retailer-API/v9/functional/retailer-api/inventory-shipments-fbb.html]
[api.bol.com/retailer/public/Retailer-API/_images/functional/all-invoices.png]
[api.bol.com/retailer/public/Retailer-API/v9/functional/retailer-api/invoices.html]
[api.bol.com/retailer/public/Retailer-API/v9/functional/retailer-api/offers.html]
[api.bol.com/retailer/public/Retailer-API/v9/functional/retailer-api/offers-process.html]
[api.bol.com/retailer/public/Retailer-API/v9/functional/retailer-api/offers-not-publishable-reasons.html]
[api.bol.com/retailer/public/Retailer-API/v9/functional/retailer-api/unpublished-offers-report.html]
[api.bol.com/retailer/public/Retailer-API/v9/functional/retailer-api/offers-insights-and-sales-forecast.html]
[api.bol.com/retailer/public/Retailer-API/_images/functional/logical-proces-flow-orders.png]
[api.bol.com/retailer/public/Retailer-API/v9/functional/retailer-api/orders-shipments.html]
[api.bol.com/retailer/public/Retailer-API/v9/functional/retailer-api/orders-best-practices.html]
[api.bol.com/retailer/public/Retailer-API/v9/functional/retailer-api/partner-performance-indicators.html]
[api.bol.com/retailer/public/Retailer-API/_images/functional/Product-content-logical-flow.png]
[api.bol.com/retailer/public/Retailer-API/v9/functional/retailer-api/product-content-api.html]
[api.bol.com/retailer/public/Retailer-API/v9/functional/retailer-api/catalog-product-content-api.html]
[api.bol.com/retailer/public/Retailer-API/v9/functional/retailer-api/product-chunk-recommendations.html]
[api.bol.com/retailer/public/Retailer-API/v9/functional/retailer-api/product-families.html]
[api.bol.com/retailer/public/Retailer-API/v9/functional/retailer-api/productcontent-uploadreport-substatuses-and-descriptions.html]
[api.bol.com/retailer/public/Retailer-API/v9/functional/retailer-api/competing-offers-api.html]
[api.bol.com/retailer/public/Retailer-API/v9/functional/retailer-api/retrieving-product-ids.html]
[api.bol.com/retailer/public/Retailer-API/_images/functional/product-ranking-endpoints-relationship.png]
[api.bol.com/retailer/public/Retailer-API/v9/functional/retailer-api/product-ranking-overview.html]
[api.bol.com/retailer/public/Retailer-API/v9/functional/retailer-api/product-placement.html]
[api.bol.com/retailer/public/Retailer-API/_images/functional/categories-and-filteroptions.png]
[api.bol.com/retailer/public/Retailer-API/_images/functional/additional-filter-options.png]
[api.bol.com/retailer/public/Retailer-API/_images/functional/bicycle-filter-options.png]
[api.bol.com/retailer/public/Retailer-API/v9/functional/retailer-api/product-list-filters.html]
[api.bol.com/retailer/public/Retailer-API/v9/functional/retailer-api/product-list.html]
[api.bol.com/retailer/public/Retailer-API/v9/functional/retailer-api/product-assets.html]
[api.bol.com/retailer/public/Retailer-API/v9/functional/retailer-api/product-ratings.html]
[api.bol.com/retailer/public/Retailer-API/_images/functional/scherp.png]
[api.bol.com/retailer/public/Retailer-API/_images/functional/verlaagd.png]
[api.bol.com/retailer/public/Retailer-API/_images/functional/day-deal.png]
[api.bol.com/retailer/public/Retailer-API/v9/functional/retailer-api/promotions-api.html]
[api.bol.com/retailer/public/Retailer-API/v9/functional/retailer-api/retailer-information-api.html]
[api.bol.com/retailer/public/Retailer-API/v9/functional/retailer-api/returns.html]
[api.bol.com/retailer/public/Retailer-API/v9/functional/retailer-api/search-terms.html]
[api.bol.com/retailer/public/Retailer-API/_images/functional/new-shipping-label-flow-API.png]
[api.bol.com/retailer/public/Retailer-API/v9/functional/retailer-api/shipping-labels.html]
[api.bol.com/retailer/public/Retailer-API/_images/functional/Subscription-API-4.png]
[api.bol.com/retailer/public/Retailer-API/v9/functional/retailer-api/subscriptions.html]
[api.bol.com/retailer/public/Retailer-API/v9/functional/retailer-api/verzenden-via-bol.html]
[api.bol.com/retailer/public/Retailer-API/_images/functional/process-status-overview.png]
[api.bol.com/retailer/public/Retailer-API/v9/functional/shared-api/process-status.html]
[api.bol.com/retailer/public/Retailer-API/beta-program/beta-program-retailer-api.html]
[api.bol.com/retailer/public/Retailer-API/v10/releasenotes.html]
[api.bol.com/retailer/public/Retailer-API/v10/functional/advertiser-api/share-of-voice.html]
[api.bol.com/retailer/public/Retailer-API/v10/functional/retailer-api/price-star-boundaries.html]
[api.bol.com/retailer/public/Retailer-API/_images/functional/customer-invoices.png]
[api.bol.com/retailer/public/Retailer-API/v10/functional/retailer-api/customer-invoices.html]
[api.bol.com/retailer/public/Retailer-API/v10/functional/shared-api/process-status.html]
[api.bol.com/retailer/public/Retailer-API/v8/releasenotes.html]
[api.bol.com/retailer/public/Retailer-API/v8/functional/advertiser-api/aapi-overview.html]
[api.bol.com/retailer/public/Retailer-API/v8/functional/advertiser-api/adgroups.html]
[api.bol.com/retailer/public/Retailer-API/v8/functional/advertiser-api/assortments.html]
[api.bol.com/retailer/public/Retailer-API/v8/functional/advertiser-api/campaigns.html]
[api.bol.com/retailer/public/Retailer-API/v8/functional/advertiser-api/keywords.html]
[api.bol.com/retailer/public/Retailer-API/v8/functional/advertiser-api/negative-keywords.html]
[api.bol.com/retailer/public/Retailer-API/v8/functional/advertiser-api/reporting.html]
[api.bol.com/retailer/public/Retailer-API/v8/functional/advertiser-api/target-products.html]
[api.bol.com/retailer/public/Retailer-API/v8/functional/retailer-api/billing-information.html]
[api.bol.com/retailer/public/Retailer-API/v8/functional/retailer-api/commissions.html]
[api.bol.com/retailer/public/Retailer-API/v8/functional/retailer-api/fulfilment-by-bol.html]
[api.bol.com/retailer/public/Retailer-API/v8/functional/retailer-api/inventory-shipments-fbb.html]
[api.bol.com/retailer/public/Retailer-API/v8/functional/retailer-api/invoices.html]
[api.bol.com/retailer/public/Retailer-API/v8/functional/retailer-api/offers.html]
[api.bol.com/retailer/public/Retailer-API/v8/functional/retailer-api/offers-process.html]
[api.bol.com/retailer/public/Retailer-API/v8/functional/retailer-api/offers-not-publishable-reasons.html]
[api.bol.com/retailer/public/Retailer-API/v8/functional/retailer-api/unpublished-offers-report.html]
[api.bol.com/retailer/public/Retailer-API/v8/functional/retailer-api/offers-insights-and-sales-forecast.html]
[api.bol.com/retailer/public/Retailer-API/v8/functional/retailer-api/orders-shipments.html]
[api.bol.com/retailer/public/Retailer-API/v8/functional/retailer-api/orders-best-practices.html]
[api.bol.com/retailer/public/Retailer-API/v8/functional/retailer-api/partner-performance-indicators.html]
[api.bol.com/retailer/public/Retailer-API/v8/functional/retailer-api/product-content-api.html]
[api.bol.com/retailer/public/Retailer-API/v8/functional/retailer-api/catalog-product-content-api.html]
[api.bol.com/retailer/public/Retailer-API/v8/functional/retailer-api/product-chunk-recommendations.html]
[api.bol.com/retailer/public/Retailer-API/v8/functional/retailer-api/product-families.html]
[api.bol.com/retailer/public/Retailer-API/v8/functional/retailer-api/productcontent-uploadreport-substatuses-and-descriptions.html]
[api.bol.com/retailer/public/Retailer-API/v8/functional/retailer-api/promotions-api.html]
[api.bol.com/retailer/public/Retailer-API/v8/functional/retailer-api/returns.html]
[api.bol.com/retailer/public/Retailer-API/v8/functional/retailer-api/search-terms.html]
[api.bol.com/retailer/public/Retailer-API/v8/functional/retailer-api/shipping-labels.html]
[api.bol.com/retailer/public/Retailer-API/v8/functional/retailer-api/subscriptions.html]
[api.bol.com/retailer/public/Retailer-API/v8/functional/retailer-api/verzenden-via-bol.html]
[api.bol.com/retailer/public/Retailer-API/v8/functional/shared-api/process-status.html]
[api.bol.com/retailer/public/Retailer-API/v7/releasenotes.html]
[api.bol.com/retailer/public/Retailer-API/v7/functional/advertiser-api/advertising-api.html]
[api.bol.com/retailer/public/Retailer-API/v7/functional/retailer-api/billing-information.html]
[api.bol.com/retailer/public/Retailer-API/v7/functional/retailer-api/commissions.html]
[api.bol.com/retailer/public/Retailer-API/v7/functional/retailer-api/fulfilment-by-bol.html]
[api.bol.com/retailer/public/Retailer-API/_images/functional/replenishments-process.png]
[api.bol.com/retailer/public/Retailer-API/v7/functional/retailer-api/inventory-shipments-fbb.html]
[api.bol.com/retailer/public/Retailer-API/v7/functional/retailer-api/invoices.html]
[api.bol.com/retailer/public/Retailer-API/v7/functional/retailer-api/offers.html]
[api.bol.com/retailer/public/Retailer-API/v7/functional/retailer-api/offers-process.html]
[api.bol.com/retailer/public/Retailer-API/v7/functional/retailer-api/offers-not-publishable-reasons.html]
[api.bol.com/retailer/public/Retailer-API/v7/functional/retailer-api/offers-insights-and-sales-forecast.html]
[api.bol.com/retailer/public/Retailer-API/v7/functional/retailer-api/orders-shipments.html]
[api.bol.com/retailer/public/Retailer-API/v7/functional/retailer-api/orders-best-practices.html]
[api.bol.com/retailer/public/Retailer-API/v7/functional/retailer-api/partner-performance-indicators.html]
[api.bol.com/retailer/public/Retailer-API/v7/functional/retailer-api/product-content-api.html]
[api.bol.com/retailer/public/Retailer-API/v7/functional/retailer-api/product-families.html]
[api.bol.com/retailer/public/Retailer-API/v7/functional/retailer-api/productcontent-uploadreport-substatuses-and-descriptions.html]
[api.bol.com/retailer/public/Retailer-API/v7/functional/retailer-api/promotions-api.html]
[api.bol.com/retailer/public/Retailer-API/v7/functional/retailer-api/returns.html]
[api.bol.com/retailer/public/Retailer-API/v7/functional/retailer-api/search-terms.html]
[api.bol.com/retailer/public/Retailer-API/v7/functional/retailer-api/shipping-labels.html]
[api.bol.com/retailer/public/Retailer-API/v7/functional/retailer-api/subscriptions.html]
[api.bol.com/retailer/public/Retailer-API/v7/functional/retailer-api/verzenden-via-bol.html]
[api.bol.com/retailer/public/Retailer-API/v7/functional/shared-api/process-status.html]
[api.bol.com/retailer/public/Retailer-API/v9/migrationguide/v8-v9/migrationguide.html]
[api.bol.com/retailer/public/Retailer-API/v9/migrationguide/v8-v9/ad-groups.html]
[api.bol.com/retailer/public/Retailer-API/v9/migrationguide/v8-v9/assortments.html]
[api.bol.com/retailer/public/Retailer-API/v9/migrationguide/v8-v9/campaigns.html]
[api.bol.com/retailer/public/Retailer-API/v9/migrationguide/v8-v9/keywords.html]
[api.bol.com/retailer/public/Retailer-API/v9/migrationguide/v8-v9/negative-keywords.html]
[api.bol.com/retailer/public/Retailer-API/v9/migrationguide/v8-v9/reporting.html]
[api.bol.com/retailer/public/Retailer-API/v9/migrationguide/v8-v9/target-products.html]
[api.bol.com/retailer/public/Retailer-API/v9/migrationguide/v8-v9/commissions.html]
[api.bol.com/retailer/public/Retailer-API/v9/migrationguide/v8-v9/insights.html]
[api.bol.com/retailer/public/Retailer-API/v9/migrationguide/v8-v9/inventory.html]
[api.bol.com/retailer/public/Retailer-API/v9/migrationguide/v8-v9/invoices.html]
[api.bol.com/retailer/public/Retailer-API/v9/migrationguide/v8-v9/offers.html]
[api.bol.com/retailer/public/Retailer-API/v9/migrationguide/v8-v9/orders.html]
[api.bol.com/retailer/public/Retailer-API/v9/migrationguide/v8-v9/process-status.html]
[api.bol.com/retailer/public/Retailer-API/v9/migrationguide/v8-v9/product-content.html]
[api.bol.com/retailer/public/Retailer-API/v9/migrationguide/v8-v9/products.html]
[api.bol.com/retailer/public/Retailer-API/v9/migrationguide/v8-v9/promotions.html]
[api.bol.com/retailer/public/Retailer-API/v9/migrationguide/v8-v9/replenishments.html]
[api.bol.com/retailer/public/Retailer-API/v9/migrationguide/v8-v9/retailers.html]
[api.bol.com/retailer/public/Retailer-API/v9/migrationguide/v8-v9/returns.html]
[api.bol.com/retailer/public/Retailer-API/v9/migrationguide/v8-v9/shipments.html]
[api.bol.com/retailer/public/Retailer-API/v9/migrationguide/v8-v9/shippinglabels.html]
[api.bol.com/retailer/public/Retailer-API/v9/migrationguide/v8-v9/subscriptions.html]
[api.bol.com/retailer/public/Retailer-API/v9/migrationguide/v8-v9/transports.html]
[api.bol.com/retailer/public/Retailer-API/v8/migrationguide/v7-v8/migrationguide.html]
[api.bol.com/retailer/public/Retailer-API/v8/migrationguide/v7-v8/advertising.html]
[api.bol.com/retailer/public/Retailer-API/v8/migrationguide/v7-v8/commissions.html]
[api.bol.com/retailer/public/Retailer-API/v8/migrationguide/v7-v8/insights.html]
[api.bol.com/retailer/public/Retailer-API/v8/migrationguide/v7-v8/inventory.html]
[api.bol.com/retailer/public/Retailer-API/v8/migrationguide/v7-v8/invoices.html]
[api.bol.com/retailer/public/Retailer-API/v8/migrationguide/v7-v8/offers.html]
[api.bol.com/retailer/public/Retailer-API/v8/migrationguide/v7-v8/orders.html]
[api.bol.com/retailer/public/Retailer-API/v8/migrationguide/v7-v8/process-status.html]
[api.bol.com/retailer/public/Retailer-API/v8/migrationguide/v7-v8/product-content.html]
[api.bol.com/retailer/public/Retailer-API/v8/migrationguide/v7-v8/promotions.html]
[api.bol.com/retailer/public/Retailer-API/v8/migrationguide/v7-v8/replenishments.html]
[api.bol.com/retailer/public/Retailer-API/v8/migrationguide/v7-v8/returns.html]
[api.bol.com/retailer/public/Retailer-API/v8/migrationguide/v7-v8/shipments.html]
[api.bol.com/retailer/public/Retailer-API/v8/migrationguide/v7-v8/shippinglabels.html]
[api.bol.com/retailer/public/Retailer-API/v8/migrationguide/v7-v8/subscriptions.html]
[api.bol.com/retailer/public/Retailer-API/v8/migrationguide/v7-v8/transports.html]
[api.bol.com/retailer/public/Retailer-API/v7/migrationguide/v6-v7/migrationguide.html]
[api.bol.com/retailer/public/Retailer-API/v7/migrationguide/v6-v7/advertising.html]
[api.bol.com/retailer/public/Retailer-API/v7/migrationguide/v6-v7/commissions.html]
[api.bol.com/retailer/public/Retailer-API/v7/migrationguide/v6-v7/insights.html]
[api.bol.com/retailer/public/Retailer-API/v7/migrationguide/v6-v7/inventory.html]
[api.bol.com/retailer/public/Retailer-API/v7/migrationguide/v6-v7/invoices.html]
[api.bol.com/retailer/public/Retailer-API/v7/migrationguide/v6-v7/offers.html]
[api.bol.com/retailer/public/Retailer-API/v7/migrationguide/v6-v7/orders.html]
[api.bol.com/retailer/public/Retailer-API/v7/migrationguide/v6-v7/process-status.html]
[api.bol.com/retailer/public/Retailer-API/v7/migrationguide/v6-v7/product-content.html]
[api.bol.com/retailer/public/Retailer-API/v7/migrationguide/v6-v7/promotions.html]
[api.bol.com/retailer/public/Retailer-API/v7/migrationguide/v6-v7/replenishments.html]
[api.bol.com/retailer/public/Retailer-API/v7/migrationguide/v6-v7/returns.html]
[api.bol.com/retailer/public/Retailer-API/v7/migrationguide/v6-v7/shipments.html]
[api.bol.com/retailer/public/Retailer-API/v7/migrationguide/v6-v7/shippinglabels.html]
[api.bol.com/retailer/public/Retailer-API/v7/migrationguide/v6-v7/subscriptions.html]
[api.bol.com/retailer/public/Retailer-API/v7/migrationguide/v6-v7/transports.html]
[api.bol.com/retailer/public/Retailer-API/legal/definition-of-service-and-usage.html]
[api.bol.com/retailer/public/Retailer-API/legal/terms-of-service.html]
[api.bol.com/retailer/public/Retailer-API/demo/demo.html]
[api.bol.com/retailer/public/Retailer-API/demo/v10-INSIGHTS.html]
[api.bol.com/retailer/public/Retailer-API/demo/v10-REPORTING.html]
[api.bol.com/retailer/public/Retailer-API/demo/v10-SHIPMENTS.html]
[api.bol.com/retailer/public/Retailer-API/demo/v6-COMMISSIONS.html]
[api.bol.com/retailer/public/Retailer-API/demo/v6-INSIGHTS.html]
[api.bol.com/retailer/public/Retailer-API/demo/v6-INVENTORY.html]
[api.bol.com/retailer/public/Retailer-API/demo/v6-INVOICES.html]
[api.bol.com/retailer/public/Retailer-API/demo/v6-OFFERS.html]
[api.bol.com/retailer/public/Retailer-API/demo/v6-ORDERS.html]
[api.bol.com/retailer/public/Retailer-API/demo/v6-PROCESS_STATUS.html]
[api.bol.com/retailer/public/Retailer-API/demo/v6-PRODUCT_CONTENT.html]
[api.bol.com/retailer/public/Retailer-API/demo/v6-REPLENISHMENTS.html]
[api.bol.com/retailer/public/Retailer-API/demo/v6-RETURNS.html]
[api.bol.com/retailer/public/Retailer-API/demo/v6-SHIPMENTS.html]
[api.bol.com/retailer/public/Retailer-API/demo/v6-SHIPPING_LABELS.html]
[api.bol.com/retailer/public/Retailer-API/demo/v6-SUBSCRIPTIONS.html]
[api.bol.com/retailer/public/Retailer-API/demo/v6-TRANSPORTS.html]
[api.bol.com/retailer/public/Retailer-API/demo/v7-AD_GROUPS.html]
[api.bol.com/retailer/public/Retailer-API/demo/v7-ASSORTMENTS.html]
[api.bol.com/retailer/public/Retailer-API/demo/v7-CAMPAIGNS.html]
[api.bol.com/retailer/public/Retailer-API/demo/v7-COMMISSIONS.html]
[api.bol.com/retailer/public/Retailer-API/demo/v7-INSIGHTS.html]
[api.bol.com/retailer/public/Retailer-API/demo/v7-INVENTORY.html]
[api.bol.com/retailer/public/Retailer-API/demo/v7-INVOICES.html]
[api.bol.com/retailer/public/Retailer-API/demo/v7-KEYWORDS.html]
[api.bol.com/retailer/public/Retailer-API/demo/v7-NEGATIVE_KEYWORDS.html]
[api.bol.com/retailer/public/Retailer-API/demo/v7-OFFERS.html]
[api.bol.com/retailer/public/Retailer-API/demo/v7-ORDERS.html]
[api.bol.com/retailer/public/Retailer-API/demo/v7-PROCESS_STATUS.html]
[api.bol.com/retailer/public/Retailer-API/demo/v7-PRODUCT_CONTENT.html]
[api.bol.com/retailer/public/Retailer-API/demo/v7-PROMOTIONS.html]
[api.bol.com/retailer/public/Retailer-API/demo/v7-REPLENISHMENTS.html]
[api.bol.com/retailer/public/Retailer-API/demo/v7-REPORTING.html]
[api.bol.com/retailer/public/Retailer-API/demo/v7-RETURNS.html]
[api.bol.com/retailer/public/Retailer-API/demo/v7-SHIPMENTS.html]
[api.bol.com/retailer/public/Retailer-API/demo/v7-SHIPPING_LABELS.html]
[api.bol.com/retailer/public/Retailer-API/demo/v7-SUBSCRIPTIONS.html]
[api.bol.com/retailer/public/Retailer-API/demo/v7-TARGET_PRODUCTS.html]
[api.bol.com/retailer/public/Retailer-API/demo/v7-TRANSPORTS.html]
[api.bol.com/retailer/public/Retailer-API/demo/v8-AD_GROUPS.html]
[api.bol.com/retailer/public/Retailer-API/demo/v8-ASSORTMENTS.html]
[api.bol.com/retailer/public/Retailer-API/demo/v8-CAMPAIGNS.html]
[api.bol.com/retailer/public/Retailer-API/demo/v8-COMMISSIONS.html]
[api.bol.com/retailer/public/Retailer-API/demo/v8-INSIGHTS.html]
[api.bol.com/retailer/public/Retailer-API/demo/v8-INVENTORY.html]
[api.bol.com/retailer/public/Retailer-API/demo/v8-INVOICES.html]
[api.bol.com/retailer/public/Retailer-API/demo/v8-KEYWORDS.html]
[api.bol.com/retailer/public/Retailer-API/demo/v8-NEGATIVE_KEYWORDS.html]
[api.bol.com/retailer/public/Retailer-API/demo/v8-OFFERS.html]
[api.bol.com/retailer/public/Retailer-API/demo/v8-ORDERS.html]
[api.bol.com/retailer/public/Retailer-API/demo/v8-PROCESS_STATUS.html]
[api.bol.com/retailer/public/Retailer-API/demo/v8-PRODUCT_CONTENT.html]
[api.bol.com/retailer/public/Retailer-API/demo/v8-PROMOTIONS.html]
[api.bol.com/retailer/public/Retailer-API/demo/v8-REPLENISHMENTS.html]
[api.bol.com/retailer/public/Retailer-API/demo/v8-REPORTING.html]
[api.bol.com/retailer/public/Retailer-API/demo/v8-RETURNS.html]
[api.bol.com/retailer/public/Retailer-API/demo/v8-SHIPMENTS.html]
[api.bol.com/retailer/public/Retailer-API/demo/v8-SHIPPING_LABELS.html]
[api.bol.com/retailer/public/Retailer-API/demo/v8-SUBSCRIPTIONS.html]
[api.bol.com/retailer/public/Retailer-API/demo/v8-TARGET_PRODUCTS.html]
[api.bol.com/retailer/public/Retailer-API/demo/v8-TRANSPORTS.html]
[api.bol.com/retailer/public/Retailer-API/demo/v9-AD_GROUPS.html]
[api.bol.com/retailer/public/Retailer-API/demo/v9-ASSORTMENTS.html]
[api.bol.com/retailer/public/Retailer-API/demo/v9-CAMPAIGNS.html]
[api.bol.com/retailer/public/Retailer-API/demo/v9-COMMISSIONS.html]
[api.bol.com/retailer/public/Retailer-API/demo/v9-INSIGHTS.html]
[api.bol.com/retailer/public/Retailer-API/demo/v9-INVENTORY.html]
[api.bol.com/retailer/public/Retailer-API/demo/v9-INVOICES.html]
[api.bol.com/retailer/public/Retailer-API/demo/v9-KEYWORDS.html]
[api.bol.com/retailer/public/Retailer-API/demo/v9-NEGATIVE_KEYWORDS.html]
[api.bol.com/retailer/public/Retailer-API/demo/v9-OFFERS.html]
[api.bol.com/retailer/public/Retailer-API/demo/v9-ORDERS.html]
[api.bol.com/retailer/public/Retailer-API/demo/v9-PROCESS_STATUS.html]
[api.bol.com/retailer/public/Retailer-API/demo/v9-PRODUCTS.html]
[api.bol.com/retailer/public/Retailer-API/demo/v9-PRODUCT_CONTENT.html]
[api.bol.com/retailer/public/Retailer-API/demo/v9-PROMOTIONS.html]
[api.bol.com/retailer/public/Retailer-API/demo/v9-REPLENISHMENTS.html]
[api.bol.com/retailer/public/Retailer-API/demo/v9-REPORTING.html]
[api.bol.com/retailer/public/Retailer-API/demo/v9-RETAILERS.html]
[api.bol.com/retailer/public/Retailer-API/demo/v9-RETURNS.html]
[api.bol.com/retailer/public/Retailer-API/demo/v9-SHIPMENTS.html]
[api.bol.com/retailer/public/Retailer-API/demo/v9-SHIPPING_LABELS.html]
[api.bol.com/retailer/public/Retailer-API/demo/v9-SUBSCRIPTIONS.html]
[api.bol.com/retailer/public/Retailer-API/demo/v9-TARGET_PRODUCTS.html]
[api.bol.com/retailer/public/Retailer-API/demo/v9-TRANSPORTS.html]
[api.bol.com/retailer/public/Retailer-API/v6/releasenotes.html]
[api.bol.com/retailer/public/Retailer-API/_images/bolcom_logo.svg]
[api.bol.com/retailer/public/Retailer-API/v9/functional/advertiser-api/share-of-voice.html]
[api.bol.com/retailer/public/Retailer-API/v9/functional/retailer-api/price-star-boundaries.html]
[api.bol.com/retailer/public/Retailer-API/v9/functional/advertiser-api/advertising-api.html]
[api.bol.com/retailer/public/Retailer-API/v8/functional/advertiser-api/advertising-api.html]
[api.bol.com/retailer/public/Retailer-API/v6/functional/verzenden-via-bol.html]
[api.bol.com/retailer/public/Retailer-API/v8/functional/retailer-api/orders-and-shipments/orders-shipments.html]
[api.bol.com/retailer/public/Retailer-API/v8/functional/retailer-api/replenishments/inventory-shipments-fbb.html]
[api.bol.com/retailer/public/Retailer-API/v6/functional/returns.html]
[api.bol.com/retailer/public/Retailer-API/v6/functional/subscriptions.html]
[api.bol.com/retailer/public/Retailer-API/v6/functional/product-content-api.html]
[api.bol.com/retailer/public/Retailer-API/v6/functional/orders-shipments.html]
[api.bol.com/retailer/public/Retailer-API/v6/functional/shipping-labels.html]
[api.bol.com/retailer/public/Retailer-API/v6/functional/invoices.html]
[api.bol.com/retailer/public/Retailer-API/v6/functional/product-families.html]
[api.bol.com/retailer/public/Retailer-API/v6/functional/process-status.html]
